// Jest Snapshot v1, https://goo.gl/fbAQLP

exports[`TransactionSummary should sum expenses 1`] = `
<div
  className="transaction-summary card bg-light"
>
  <div
    className="crad-body"
  >
    <span>
      Expenses: 
      150
    </span>
     
    <span>
      Incomes: 
      0
    </span>
     
    <span>
      Plans: 
      50
    </span>
    <button
      aria-label="Close"
      className="close"
      onClick={[Function]}
      type="button"
    >
      <span
        aria-hidden="true"
      >
        ×
      </span>
    </button>
  </div>
</div>
`;

exports[`TransactionSummary should sum incomes 1`] = `
<div
  className="transaction-summary card bg-light"
>
  <div
    className="crad-body"
  >
    <span>
      Expenses: 
      50
    </span>
     
    <span>
      Incomes: 
      150
    </span>
     
    <span>
      Plans: 
      0
    </span>
    <button
      aria-label="Close"
      className="close"
      onClick={[Function]}
      type="button"
    >
      <span
        aria-hidden="true"
      >
        ×
      </span>
    </button>
  </div>
</div>
`;

exports[`TransactionSummary should sum plans 1`] = `
<div
  className="transaction-summary card bg-light"
>
  <div
    className="crad-body"
  >
    <span>
      Expenses: 
      0
    </span>
     
    <span>
      Incomes: 
      50
    </span>
     
    <span>
      Plans: 
      150
    </span>
    <button
      aria-label="Close"
      className="close"
      onClick={[Function]}
      type="button"
    >
      <span
        aria-hidden="true"
      >
        ×
      </span>
    </button>
  </div>
</div>
`;
